__tests__/api/api-refactor.test.ts(136,35): error TS2345: Argument of type '"spot"' is not assignable to parameter of type '"bitget" | "binance" | "bybit" | "demo"'.
__tests__/api/chart-data-service.test.ts(44,74): error TS2345: Argument of type '"spot"' is not assignable to parameter of type '"bitget" | "binance" | "bybit" | "demo" | undefined'.
__tests__/api/chart-data-service.test.ts(95,68): error TS2345: Argument of type '"spot"' is not assignable to parameter of type '"bitget" | "binance" | "bybit" | "demo"'.
__tests__/api/rest-client.test.ts(42,58): error TS2345: Argument of type '"spot"' is not assignable to parameter of type '"bitget" | "binance" | "bybit" | "demo"'.
__tests__/api/rest-client.test.ts(68,58): error TS2345: Argument of type '"spot"' is not assignable to parameter of type '"bitget" | "binance" | "bybit" | "demo"'.
__tests__/api/signin.test.tsx(9,24): error TS2307: Cannot find module '@/app/signin/page' or its corresponding type declarations.
__tests__/chart/useChartCore.test.ts(103,21): error TS2345: Argument of type 'string' is not assignable to parameter of type 'SeriesDefinition<keyof SeriesOptionsMap>'.
  Type 'string' is not assignable to type 'SeriesDefinition<keyof SeriesOptionsMap>'.
__tests__/chart/useChartCore.test.ts(118,36): error TS2345: Argument of type 'string' is not assignable to parameter of type 'SeriesDefinition<keyof SeriesOptionsMap>'.
  Type 'string' is not assignable to type 'SeriesDefinition<keyof SeriesOptionsMap>'.
__tests__/chart/useChartSectionInit.test.ts(11,32): error TS2307: Cannot find module '@/store/useSymbolStore' or its corresponding type declarations.
__tests__/chart/useChartSectionInit.test.ts(12,10): error TS2305: Module '"@/store/chart"' has no exported member 'useChartDataStore'.
__tests__/chart/useChartSectionInit.test.ts(60,9): error TS2322: Type 'ExchangeType' is not assignable to type '"bitget" | "binance" | "bybit" | "demo"'.
  Type '"spot"' is not assignable to type '"bitget" | "binance" | "bybit" | "demo"'.
__tests__/chart/useChartSectionInit.test.ts(85,9): error TS2322: Type 'ExchangeType' is not assignable to type '"bitget" | "binance" | "bybit" | "demo"'.
  Type '"spot"' is not assignable to type '"bitget" | "binance" | "bybit" | "demo"'.
__tests__/chart/useChartSectionInit.test.ts(114,9): error TS2322: Type 'ExchangeType' is not assignable to type '"bitget" | "binance" | "bybit" | "demo"'.
  Type '"spot"' is not assignable to type '"bitget" | "binance" | "bybit" | "demo"'.
__tests__/chart/useChartSectionInit.test.ts(142,9): error TS2322: Type 'ExchangeType' is not assignable to type '"bitget" | "binance" | "bybit" | "demo"'.
  Type '"spot"' is not assignable to type '"bitget" | "binance" | "bybit" | "demo"'.
__tests__/chart/useIndicators.test.ts(61,7): error TS2322: Type 'Mock<UnknownFunction>' is not assignable to type '() => ITimeScaleApi<Time>'.
  Type 'unknown' is not assignable to type 'ITimeScaleApi<Time>'.
__tests__/components/ChartContainer.test.tsx(14,32): error TS2307: Cannot find module '../../store/useSymbolStore' or its corresponding type declarations.
__tests__/components/ChartContainer.test.tsx(15,10): error TS2305: Module '"../../store/chart"' has no exported member 'useChartDataStore'.
__tests__/components/symbol/SymbolList.test.tsx(9,33): error TS2307: Cannot find module '@/store/useSymbolStore' or its corresponding type declarations.
__tests__/data/order-book-service.test.ts(60,68): error TS2345: Argument of type '"spot"' is not assignable to parameter of type '"bitget" | "binance" | "bybit" | "demo"'.
__tests__/data/order-book-service.test.ts(171,68): error TS2345: Argument of type '"spot"' is not assignable to parameter of type '"bitget" | "binance" | "bybit" | "demo"'.
__tests__/hooks/symbol/usePopularSymbols.test.ts(8,48): error TS2307: Cannot find module '@/store/useSymbolStore' or its corresponding type declarations.
__tests__/integration/data-flow/instrument-type-change-flow.test.ts(7,10): error TS2305: Module '"../../../store/socketActions"' has no exported member 'socketStoreActions'.
__tests__/integration/data-flow/symbol-change-flow.test.ts(5,10): error TS2305: Module '"../../../store/socketActions"' has no exported member 'socketStoreActions'.
__tests__/server/bitgetWebSocketManager.test.ts(45,6): error TS2352: Conversion of type 'typeof WebSocket' to type 'Mock<any, any, any>' may be a mistake because neither type sufficiently overlaps with the other. If this was intentional, convert the expression to 'unknown' first.
  Type 'typeof WebSocket' is missing the following properties from type 'Mock<any, any, any>': getMockName, mock, mockClear, mockReset, and 13 more.
__tests__/server/bitgetWebSocketManager.test.ts(99,8): error TS2352: Conversion of type 'typeof WebSocket' to type 'Mock<any, any, any>' may be a mistake because neither type sufficiently overlaps with the other. If this was intentional, convert the expression to 'unknown' first.
  Type 'typeof WebSocket' is missing the following properties from type 'Mock<any, any, any>': getMockName, mock, mockClear, mockReset, and 13 more.
__tests__/server/bitgetWebSocketManager.test.ts(144,78): error TS2345: Argument of type '"spot"' is not assignable to parameter of type '"bitget" | "binance" | "bybit" | "demo" | undefined'.
__tests__/server/bitgetWebSocketManager.test.ts(170,69): error TS2345: Argument of type '"spot"' is not assignable to parameter of type '"bitget" | "binance" | "bybit" | "demo" | undefined'.
__tests__/server/bitgetWebSocketManager.test.ts(196,78): error TS2345: Argument of type '"futures"' is not assignable to parameter of type '"bitget" | "binance" | "bybit" | "demo" | undefined'.
__tests__/server/bitgetWebSocketManager.test.ts(222,74): error TS2345: Argument of type '"spot"' is not assignable to parameter of type '"bitget" | "binance" | "bybit" | "demo" | undefined'.
__tests__/server/bitgetWebSocketManager.test.ts(237,80): error TS2345: Argument of type '"spot"' is not assignable to parameter of type '"bitget" | "binance" | "bybit" | "demo" | undefined'.
__tests__/server/bitgetWebSocketManager.test.ts(254,63): error TS2345: Argument of type '"spot"' is not assignable to parameter of type '"bitget" | "binance" | "bybit" | "demo" | undefined'.
__tests__/server/bitgetWebSocketManager.test.ts(257,80): error TS2345: Argument of type '"spot"' is not assignable to parameter of type '"bitget" | "binance" | "bybit" | "demo" | undefined'.
__tests__/services/api/bitget/client.test.ts(38,46): error TS2345: Argument of type '"spot"' is not assignable to parameter of type '"bitget" | "binance" | "bybit" | "demo" | undefined'.
__tests__/services/api/bitget/client.test.ts(65,46): error TS2345: Argument of type '"futures"' is not assignable to parameter of type '"bitget" | "binance" | "bybit" | "demo" | undefined'.
__tests__/services/api/bitget/client.test.ts(88,10): error TS2345: Argument of type '"spot"' is not assignable to parameter of type '"bitget" | "binance" | "bybit" | "demo" | undefined'.
__tests__/services/api/bitget/client.test.ts(112,10): error TS2345: Argument of type '"spot"' is not assignable to parameter of type '"bitget" | "binance" | "bybit" | "demo" | undefined'.
__tests__/services/api/bitget/client.test.ts(139,46): error TS2345: Argument of type '"spot"' is not assignable to parameter of type '"bitget" | "binance" | "bybit" | "demo" | undefined'.
__tests__/services/api/bitget/client.test.ts(192,46): error TS2345: Argument of type '"futures"' is not assignable to parameter of type '"bitget" | "binance" | "bybit" | "demo" | undefined'.
__tests__/services/api/bitget/client.test.ts(229,10): error TS2345: Argument of type '"spot"' is not assignable to parameter of type '"bitget" | "binance" | "bybit" | "demo" | undefined'.
__tests__/services/api/bitget/client.test.ts(248,10): error TS2345: Argument of type '"spot"' is not assignable to parameter of type '"bitget" | "binance" | "bybit" | "demo" | undefined'.
__tests__/services/api/bitget/rest-client.test.ts(83,69): error TS2345: Argument of type '"futures"' is not assignable to parameter of type '"bitget" | "binance" | "bybit" | "demo" | undefined'.
__tests__/services/api/bitget/rest-client.test.ts(117,54): error TS2345: Argument of type '"spot"' is not assignable to parameter of type '"bitget" | "binance" | "bybit" | "demo" | undefined'.
__tests__/services/api/bitget/rest-client.test.ts(184,54): error TS2345: Argument of type '"futures"' is not assignable to parameter of type '"bitget" | "binance" | "bybit" | "demo" | undefined'.
__tests__/services/api/bitget/rest-client.test.ts(190,54): error TS2345: Argument of type '"spot"' is not assignable to parameter of type '"bitget" | "binance" | "bybit" | "demo" | undefined'.
__tests__/services/api/bitget/rest-client.test.ts(259,65): error TS2345: Argument of type '"futures"' is not assignable to parameter of type '"bitget" | "binance" | "bybit" | "demo" | undefined'.
__tests__/services/api/bitget/rest-client.test.ts(380,45): error TS2345: Argument of type '"spot"' is not assignable to parameter of type '"bitget" | "binance" | "bybit" | "demo"'.
__tests__/services/data/chart-data-service.test.ts(67,82): error TS2345: Argument of type '"spot"' is not assignable to parameter of type '"bitget" | "binance" | "bybit" | "demo" | undefined'.
__tests__/services/data/chart-data-service.test.ts(78,82): error TS2345: Argument of type '"futures"' is not assignable to parameter of type '"bitget" | "binance" | "bybit" | "demo" | undefined'.
__tests__/services/data/chart-data-service.test.ts(92,82): error TS2345: Argument of type '"spot"' is not assignable to parameter of type '"bitget" | "binance" | "bybit" | "demo" | undefined'.
__tests__/services/data/chart-data-service.test.ts(106,74): error TS2345: Argument of type '"spot"' is not assignable to parameter of type '"bitget" | "binance" | "bybit" | "demo" | undefined'.
__tests__/services/data/chart-data-service.test.ts(115,74): error TS2345: Argument of type '"futures"' is not assignable to parameter of type '"bitget" | "binance" | "bybit" | "demo" | undefined'.
__tests__/services/socket/bitget-integration.test.ts(48,63): error TS2345: Argument of type '"spot"' is not assignable to parameter of type '"bitget" | "binance" | "bybit" | "demo"'.
__tests__/services/socket/bitget-integration.test.ts(65,65): error TS2345: Argument of type '"spot"' is not assignable to parameter of type '"bitget" | "binance" | "bybit" | "demo"'.
__tests__/services/socket/bitget-integration.test.ts(71,66): error TS2345: Argument of type '"futures"' is not assignable to parameter of type '"bitget" | "binance" | "bybit" | "demo"'.
__tests__/services/socket/bitget-integration.test.ts(86,63): error TS2345: Argument of type '"spot"' is not assignable to parameter of type '"bitget" | "binance" | "bybit" | "demo"'.
__tests__/services/socket/bitget-integration.test.ts(106,63): error TS2345: Argument of type '"spot"' is not assignable to parameter of type '"bitget" | "binance" | "bybit" | "demo"'.
__tests__/services/socket/bitget-integration.test.ts(127,63): error TS2345: Argument of type '"spot"' is not assignable to parameter of type '"bitget" | "binance" | "bybit" | "demo"'.
__tests__/services/socket/bitget-integration.test.ts(153,63): error TS2345: Argument of type '"spot"' is not assignable to parameter of type '"bitget" | "binance" | "bybit" | "demo"'.
__tests__/services/socket/socket-service.test.ts(109,56): error TS2345: Argument of type '"spot"' is not assignable to parameter of type '"bitget" | "binance" | "bybit" | "demo"'.
__tests__/services/socket/socket-service.test.ts(121,41): error TS2345: Argument of type '"futures"' is not assignable to parameter of type '"bitget" | "binance" | "bybit" | "demo"'.
__tests__/services/socket/socket-service.test.ts(161,62): error TS2345: Argument of type '"futures"' is not assignable to parameter of type '"bitget" | "binance" | "bybit" | "demo" | undefined'.
__tests__/services/socket/socket-service.test.ts(195,64): error TS2345: Argument of type '"futures"' is not assignable to parameter of type '"bitget" | "binance" | "bybit" | "demo" | undefined'.
__tests__/services/socket/subscription-manager.test.ts(114,75): error TS2345: Argument of type '"spot"' is not assignable to parameter of type '"bitget" | "binance" | "bybit" | "demo" | undefined'.
__tests__/services/socket/subscription-manager.test.ts(221,82): error TS2345: Argument of type '"spot"' is not assignable to parameter of type '"bitget" | "binance" | "bybit" | "demo" | undefined'.
__tests__/services/test-bitget-api.ts(15,41): error TS2322: Type '"spot"' is not assignable to type '"bitget" | "binance" | "bybit" | "demo"'.
__tests__/services/test-bitget-api.ts(15,49): error TS2322: Type '"futures"' is not assignable to type '"bitget" | "binance" | "bybit" | "demo"'.
__tests__/services/test-bitget-api.ts(59,39): error TS2345: Argument of type '"spot"' is not assignable to parameter of type '"bitget" | "binance" | "bybit" | "demo" | undefined'.
__tests__/unit/store/socketActions.test.ts(64,21): error TS2339: Property 'setSymbol' does not exist on type 'typeof import("/Users/hirosato/Downloads/tradechat-mvp-exchange/store/socketActions/index")'.
__tests__/unit/store/socketActions.test.ts(100,21): error TS2339: Property 'setSymbol' does not exist on type 'typeof import("/Users/hirosato/Downloads/tradechat-mvp-exchange/store/socketActions/index")'.
__tests__/unit/store/socketActions.test.ts(119,21): error TS2339: Property 'setExchangeType' does not exist on type 'typeof import("/Users/hirosato/Downloads/tradechat-mvp-exchange/store/socketActions/index")'.
__tests__/unit/store/socketActions.test.ts(146,21): error TS2339: Property 'setExchangeType' does not exist on type 'typeof import("/Users/hirosato/Downloads/tradechat-mvp-exchange/store/socketActions/index")'.
__tests__/unit/store/socketActions.test.ts(166,21): error TS2339: Property 'setTimeframe' does not exist on type 'typeof import("/Users/hirosato/Downloads/tradechat-mvp-exchange/store/socketActions/index")'.
__tests__/unit/store/socketActions.test.ts(201,21): error TS2339: Property 'setTimeframe' does not exist on type 'typeof import("/Users/hirosato/Downloads/tradechat-mvp-exchange/store/socketActions/index")'.
__tests__/unit/tools/instrument-type-tools.test.ts(63,11): error TS2722: Cannot invoke an object which is possibly 'undefined'.
__tests__/unit/tools/instrument-type-tools.test.ts(63,44): error TS2345: Argument of type '{ context: { type: ExchangeType; }; runtimeContext: any; }' is not assignable to parameter of type 'ToolExecutionContext<ZodObject<{ type: ZodEnum<["spot", "futures"]>; symbol: ZodOptional<ZodString>; }, "strip", ZodTypeAny, { type: "spot" | "futures"; symbol?: string | undefined; }, { ...; }>>'.
  The types of 'context.type' are incompatible between these types.
    Type '"bitget" | "binance" | "bybit" | "demo"' is not assignable to type '"spot" | "futures"'.
      Type '"bitget"' is not assignable to type '"spot" | "futures"'.
__tests__/unit/tools/instrument-type-tools.test.ts(78,11): error TS2722: Cannot invoke an object which is possibly 'undefined'.
__tests__/unit/tools/instrument-type-tools.test.ts(78,44): error TS2345: Argument of type '{ context: { type: ExchangeType; symbol: string; }; runtimeContext: any; }' is not assignable to parameter of type 'ToolExecutionContext<ZodObject<{ type: ZodEnum<["spot", "futures"]>; symbol: ZodOptional<ZodString>; }, "strip", ZodTypeAny, { type: "spot" | "futures"; symbol?: string | undefined; }, { ...; }>>'.
  The types of 'context.type' are incompatible between these types.
    Type '"bitget" | "binance" | "bybit" | "demo"' is not assignable to type '"spot" | "futures"'.
      Type '"bitget"' is not assignable to type '"spot" | "futures"'.
__tests__/unit/tools/instrument-type-tools.test.ts(95,26): error TS2722: Cannot invoke an object which is possibly 'undefined'.
__tests__/unit/tools/instrument-type-tools.test.ts(95,26): error TS18048: 'changeInstrumentTypeTool.execute' is possibly 'undefined'.
__tests__/unit/tools/instrument-type-tools.test.ts(118,26): error TS2722: Cannot invoke an object which is possibly 'undefined'.
__tests__/unit/tools/instrument-type-tools.test.ts(118,26): error TS18048: 'changeInstrumentTypeTool.execute' is possibly 'undefined'.
__tests__/unit/tools/instrument-type-tools.test.ts(144,26): error TS2722: Cannot invoke an object which is possibly 'undefined'.
__tests__/unit/tools/instrument-type-tools.test.ts(144,26): error TS18048: 'changeInstrumentTypeTool.execute' is possibly 'undefined'.
__tests__/unit/tools/instrument-type-tools.test.ts(162,26): error TS2722: Cannot invoke an object which is possibly 'undefined'.
__tests__/unit/tools/instrument-type-tools.test.ts(162,26): error TS18048: 'changeInstrumentTypeTool.execute' is possibly 'undefined'.
__tests__/unit/tools/symbol-tools.test.ts(84,36): error TS2769: No overload matches this call.
  Overload 1 of 2, '(context: ToolExecutionContext<ZodObject<{ symbol: ZodString; exchangeType: ZodOptional<ZodEnum<["spot", "futures"]>>; }, "strip", ZodTypeAny, { symbol: string; exchangeType?: "spot" | ... 1 more ... | undefined; }, { ...; }>>, options?: ToolExecutionOptions | undefined): Promise<...>', gave the following error.
    Argument of type '{ context: { symbol: string; exchangeType: "bitget" | "binance" | "bybit" | "demo"; }; runtimeContext: any; }' is not assignable to parameter of type 'ToolExecutionContext<ZodObject<{ symbol: ZodString; exchangeType: ZodOptional<ZodEnum<["spot", "futures"]>>; }, "strip", ZodTypeAny, { symbol: string; exchangeType?: "spot" | ... 1 more ... | undefined; }, { ...; }>>'.
      The types of 'context.exchangeType' are incompatible between these types.
        Type '"bitget" | "binance" | "bybit" | "demo"' is not assignable to type '"spot" | "futures" | undefined'.
          Type '"bitget"' is not assignable to type '"spot" | "futures" | undefined'.
  Overload 2 of 2, '(context: ToolExecutionContext<ZodObject<{ symbol: ZodString; exchangeType: ZodOptional<ZodEnum<["spot", "futures"]>>; }, "strip", ZodTypeAny, { symbol: string; exchangeType?: "spot" | ... 1 more ... | undefined; }, { ...; }>>): Promise<...>', gave the following error.
    Argument of type '{ context: { symbol: string; exchangeType: "bitget" | "binance" | "bybit" | "demo"; }; runtimeContext: any; }' is not assignable to parameter of type 'ToolExecutionContext<ZodObject<{ symbol: ZodString; exchangeType: ZodOptional<ZodEnum<["spot", "futures"]>>; }, "strip", ZodTypeAny, { symbol: string; exchangeType?: "spot" | ... 1 more ... | undefined; }, { ...; }>>'.
      The types of 'context.exchangeType' are incompatible between these types.
        Type '"bitget" | "binance" | "bybit" | "demo"' is not assignable to type '"spot" | "futures" | undefined'.
          Type '"bitget"' is not assignable to type '"spot" | "futures" | undefined'.
__tests__/unit/utils/socketClient.test.ts(28,153): error TS2352: Conversion of type '{ on: jest.Mock<Socket<DefaultEventsMap, DefaultEventsMap> & { _eventHandlers?: Record<string, (...args: any[]) => void>; _emitBuffer?: Array<{ event: string; args: any[]; }>; }, [event: ...], any>; ... 23 more ...; pid: string; }' to type 'Socket<DefaultEventsMap, DefaultEventsMap> & { _eventHandlers?: Record<string, (...args: any[]) => void> | undefined; _emitBuffer?: { ...; }[] | undefined; }' may be a mistake because neither type sufficiently overlaps with the other. If this was intentional, convert the expression to 'unknown' first.
  Type '{ on: Mock<Socket<DefaultEventsMap, DefaultEventsMap> & { _eventHandlers?: Record<string, (...args: any[]) => void> | undefined; _emitBuffer?: { ...; }[] | undefined; }, [event: ...], any>; ... 23 more ...; pid: string; }' is missing the following properties from type 'Socket<DefaultEventsMap, DefaultEventsMap>': _pid, _lastOffset, receiveBuffer, sendBuffer, and 42 more.
components/chart/Canvas/index.tsx(20,10): error TS2724: '"@/store/chart/drawingTool/selectors"' has no exported member named 'selectActiveDrawingTools'. Did you mean 'selectActiveDrawingTool'?
components/chart/Canvas/index.tsx(63,34): error TS2345: Argument of type '(state: ChartConfigSlice) => ChartType' is not assignable to parameter of type '(state: RootStore) => ChartType'.
  Types of parameters 'state' and 'state' are incompatible.
    Type 'RootStore' is not assignable to type 'ChartConfigSlice'.
      Type 'RootStore' is not assignable to type 'ChartConfigSliceState'.
        Types of property 'exchangeType' are incompatible.
          Type '"bitget" | "binance" | "bybit" | "demo"' is not assignable to type '"spot" | "futures"'.
            Type '"bitget"' is not assignable to type '"spot" | "futures"'.
components/chart/Canvas/index.tsx(177,53): error TS2339: Property 'type' does not exist on type 'IndicatorType'.
  Property 'type' does not exist on type '"rsi"'.
components/chart/container/ChartHeader.tsx(122,24): error TS2367: This comparison appears to be unintentional because the types '"bitget" | "binance" | "bybit" | "demo"' and '"spot"' have no overlap.
components/chart/container/ChartHeader.tsx(123,53): error TS2345: Argument of type '"spot"' is not assignable to parameter of type '"bitget" | "binance" | "bybit" | "demo"'.
components/chart/container/ChartHeader.tsx(128,24): error TS2367: This comparison appears to be unintentional because the types '"bitget" | "binance" | "bybit" | "demo"' and '"futures"' have no overlap.
components/chart/container/ChartHeader.tsx(129,53): error TS2345: Argument of type '"futures"' is not assignable to parameter of type '"bitget" | "binance" | "bybit" | "demo"'.
components/chart/container/index.tsx(73,5): error TS2322: Type '"spot" | "futures"' is not assignable to type '"bitget" | "binance" | "bybit" | "demo"'.
  Type '"spot"' is not assignable to type '"bitget" | "binance" | "bybit" | "demo"'.
components/chart/container/index.tsx(133,9): error TS2322: Type '"spot" | "futures"' is not assignable to type '"bitget" | "binance" | "bybit" | "demo"'.
  Type '"spot"' is not assignable to type '"bitget" | "binance" | "bybit" | "demo"'.
components/chart/container/index.tsx(145,9): error TS2322: Type '"spot" | "futures"' is not assignable to type '"bitget" | "binance" | "bybit" | "demo"'.
  Type '"spot"' is not assignable to type '"bitget" | "binance" | "bybit" | "demo"'.
components/chart/container/index.tsx(147,9): error TS2322: Type 'IndicatorType[]' is not assignable to type 'ActiveIndicator[]'.
  Type 'string' is not assignable to type 'ActiveIndicator'.
    Type 'string' is not assignable to type 'ActiveIndicator'.
components/chart/container/index.tsx(152,9): error TS2322: Type 'IndicatorType[]' is not assignable to type 'ActiveIndicator[]'.
  Type 'string' is not assignable to type 'ActiveIndicator'.
    Type 'string' is not assignable to type 'ActiveIndicator'.
components/chart/drawings/useDrawingTools.ts(15,10): error TS2724: '"@/store/chart/drawingTool/selectors"' has no exported member named 'selectActiveDrawingTools'. Did you mean 'selectActiveDrawingTool'?
components/chart/drawings/useDrawingTools.ts(56,9): error TS18046: 'activeDrawingTools' is of type 'unknown'.
components/chart/indicators/useIndicators.ts(97,54): error TS2339: Property 'type' does not exist on type 'IndicatorType'.
  Property 'type' does not exist on type '"rsi"'.
components/chart/indicators/useIndicators.ts(99,70): error TS2339: Property 'type' does not exist on type 'IndicatorType'.
  Property 'type' does not exist on type '"rsi"'.
components/chart/indicators/useIndicators.ts(102,28): error TS2339: Property 'params' does not exist on type 'IndicatorType'.
  Property 'params' does not exist on type '"rsi"'.
components/chart/indicators/useIndicators.ts(103,32): error TS2339: Property 'params' does not exist on type 'IndicatorType'.
  Property 'params' does not exist on type '"rsi"'.
components/chart/indicators/useIndicators.ts(104,30): error TS2339: Property 'params' does not exist on type 'IndicatorType'.
  Property 'params' does not exist on type '"rsi"'.
components/chart/indicators/useIndicators.ts(116,54): error TS2339: Property 'type' does not exist on type 'IndicatorType'.
  Property 'type' does not exist on type '"rsi"'.
components/chart/indicators/useIndicators.ts(118,71): error TS2339: Property 'type' does not exist on type 'IndicatorType'.
  Property 'type' does not exist on type '"rsi"'.
components/chart/indicators/useIndicators.ts(120,33): error TS2339: Property 'params' does not exist on type 'IndicatorType'.
  Property 'params' does not exist on type '"rsi"'.
components/chart/indicators/useIndicators.ts(121,33): error TS2339: Property 'params' does not exist on type 'IndicatorType'.
  Property 'params' does not exist on type '"rsi"'.
components/chart/indicators/useIndicators.ts(122,35): error TS2339: Property 'params' does not exist on type 'IndicatorType'.
  Property 'params' does not exist on type '"rsi"'.
components/chart/indicators/useIndicators.ts(159,54): error TS2339: Property 'type' does not exist on type 'IndicatorType'.
  Property 'type' does not exist on type '"rsi"'.
components/chart/indicators/useIndicators.ts(161,75): error TS2339: Property 'type' does not exist on type 'IndicatorType'.
  Property 'type' does not exist on type '"rsi"'.
components/chart/indicators/useIndicators.ts(168,35): error TS2339: Property 'params' does not exist on type 'IndicatorType'.
  Property 'params' does not exist on type '"rsi"'.
components/chart/indicators/useIndicators.ts(169,34): error TS2339: Property 'params' does not exist on type 'IndicatorType'.
  Property 'params' does not exist on type '"rsi"'.
components/chart/indicators/useIndicators.ts(170,35): error TS2339: Property 'params' does not exist on type 'IndicatorType'.
  Property 'params' does not exist on type '"rsi"'.
components/chart/sections/ChartSection/ChartBody.tsx(62,41): error TS2345: Argument of type '"spot"' is not assignable to parameter of type '"bitget" | "binance" | "bybit" | "demo"'.
components/chart/sections/ChartSection/index.tsx(48,5): error TS2322: Type '"spot" | "futures"' is not assignable to type '"bitget" | "binance" | "bybit" | "demo"'.
  Type '"spot"' is not assignable to type '"bitget" | "binance" | "bybit" | "demo"'.
components/chart/sections/ChartSection/index.tsx(49,5): error TS2322: Type '(api: IChartApi) => void' is not assignable to type '(exchangeType: "bitget" | "binance" | "bybit" | "demo") => void'.
  Types of parameters 'api' and 'exchangeType' are incompatible.
    Type 'string' is not assignable to type 'IChartApi'.
      Type 'string' is not assignable to type 'IChartApi'.
components/chart/SymbolSelectorModal.tsx(31,3): error TS2322: Type '"spot"' is not assignable to type '"bitget" | "binance" | "bybit" | "demo"'.
components/chart/SymbolSelectorModal.tsx(67,13): error TS2322: Type '"bitget" | "binance" | "bybit" | "demo"' is not assignable to type '"spot" | "futures"'.
  Type '"bitget"' is not assignable to type '"spot" | "futures"'.
components/chart/SymbolSelectorModal.tsx(68,13): error TS2322: Type '((exchangeType: "bitget" | "binance" | "bybit" | "demo") => void) | undefined' is not assignable to type '((args_0: "spot" | "futures", ...args: unknown[]) => void) | undefined'.
  Type '(exchangeType: "bitget" | "binance" | "bybit" | "demo") => void' is not assignable to type '(args_0: "spot" | "futures", ...args: unknown[]) => void'.
    Types of parameters 'exchangeType' and 'args_0' are incompatible.
      Type '"spot" | "futures"' is not assignable to type '"bitget" | "binance" | "bybit" | "demo"'.
        Type '"spot"' is not assignable to type '"bitget" | "binance" | "bybit" | "demo"'.
components/chart/toolbar/index.tsx(87,11): error TS2322: Type '"spot" | "futures"' is not assignable to type '"bitget" | "binance" | "bybit" | "demo"'.
  Type '"spot"' is not assignable to type '"bitget" | "binance" | "bybit" | "demo"'.
components/chart/toolbar/index.tsx(134,13): error TS2322: Type 'unknown' is not assignable to type 'DrawingToolType[]'.
components/chart/toolbar/index.tsx(149,13): error TS2322: Type '"spot" | "futures"' is not assignable to type '"bitget" | "binance" | "bybit" | "demo"'.
  Type '"spot"' is not assignable to type '"bitget" | "binance" | "bybit" | "demo"'.
components/chart/toolbar/ui/TradeTypeSwitch.tsx(45,32): error TS2345: Argument of type '"spot"' is not assignable to parameter of type '"bitget" | "binance" | "bybit" | "demo"'.
components/chart/toolbar/ui/TradeTypeSwitch.tsx(55,11): error TS2367: This comparison appears to be unintentional because the types '"bitget" | "binance" | "bybit" | "demo"' and '"spot"' have no overlap.
components/chart/toolbar/ui/TradeTypeSwitch.tsx(65,32): error TS2345: Argument of type '"futures"' is not assignable to parameter of type '"bitget" | "binance" | "bybit" | "demo"'.
components/chart/toolbar/ui/TradeTypeSwitch.tsx(75,11): error TS2367: This comparison appears to be unintentional because the types '"bitget" | "binance" | "bybit" | "demo"' and '"futures"' have no overlap.
components/chat/window/ui/__tests__/MessageListWrapper.test.tsx(27,5): error TS2353: Object literal may only specify known properties, and 'entryPrice' does not exist in type 'Partial<OpenEntry>'.
components/debug/LogViewer/LogViewer.tsx(29,17): error TS2339: Property 'refreshLogs' does not exist on type '{ logs: LogEntry[]; addLog: (entry: Omit<LogEntry, "timestamp">) => void; clearLogs: () => void; }'.
components/debug/LogViewer/LogViewer.tsx(29,30): error TS2339: Property 'handleClearLogs' does not exist on type '{ logs: LogEntry[]; addLog: (entry: Omit<LogEntry, "timestamp">) => void; clearLogs: () => void; }'.
components/debug/LogViewer/LogViewer.tsx(29,58): error TS2554: Expected 0 arguments, but got 1.
components/debug/LogViewer/LogViewer.tsx(83,15): error TS2322: Type 'LogEntry[]' is not assignable to type 'StoredLog[]'.
  Type 'LogEntry' is not assignable to type 'StoredLog'.
    Types of property 'timestamp' are incompatible.
      Type 'number' is not assignable to type 'string'.
components/position/history/PositionServerComponent.tsx(75,24): error TS7006: Parameter 'lastPage' implicitly has an 'any' type.
components/symbol/Selector/SymbolSelector.tsx(32,15): error TS2305: Module '"@/services/symbol/types"' has no exported member 'FilterOptions'.
components/symbol/Selector/SymbolSelector.tsx(201,40): error TS2367: This comparison appears to be unintentional because the types '"spot" | "futures"' and '"bitget" | "binance" | "bybit" | "demo"' have no overlap.
components/symbol/Selector/SymbolSelector.tsx(369,9): error TS2322: Type '(type: ExchangeType) => void' is not assignable to type '(value: "bitget" | "binance" | "bybit" | "demo") => void'.
  Types of parameters 'type' and 'value' are incompatible.
    Type '"bitget" | "binance" | "bybit" | "demo"' is not assignable to type '"spot" | "futures"'.
      Type '"bitget"' is not assignable to type '"spot" | "futures"'.
components/symbol/Selector/ui/ExchangeTabs.tsx(30,28): error TS2345: Argument of type '"spot" | "futures"' is not assignable to parameter of type '"bitget" | "binance" | "bybit" | "demo"'.
  Type '"spot"' is not assignable to type '"bitget" | "binance" | "bybit" | "demo"'.
components/symbol/Selector/ui/FilterBar.tsx(15,15): error TS2305: Module '"@/services/symbol/types"' has no exported member 'FilterOptions'.
hooks/chart/__tests__/useToolbarEvents.test.ts(10,10): error TS2305: Module '"@/store"' has no exported member 'useChartDataStore'.
hooks/chart/__tests__/useToolbarEvents.test.ts(10,29): error TS2305: Module '"@/store"' has no exported member 'useSymbolStore'.
hooks/chart/canvas/useChartEvents.ts(55,74): error TS2367: This comparison appears to be unintentional because the types '"bitget" | "binance" | "bybit" | "demo"' and '"futures"' have no overlap.
hooks/chart/canvas/useChartEvents.ts(71,59): error TS2367: This comparison appears to be unintentional because the types '"bitget" | "binance" | "bybit" | "demo"' and '"futures"' have no overlap.
hooks/chart/canvas/useChartSectionStores.ts(49,37): error TS2345: Argument of type '(state: ChartConfigSlice) => "spot" | "futures"' is not assignable to parameter of type '(state: RootStore) => "spot" | "futures"'.
  Types of parameters 'state' and 'state' are incompatible.
    Type 'RootStore' is not assignable to type 'ChartConfigSlice'.
      Type 'RootStore' is not assignable to type 'ChartConfigSliceState'.
        Types of property 'exchangeType' are incompatible.
          Type '"bitget" | "binance" | "bybit" | "demo"' is not assignable to type '"spot" | "futures"'.
            Type '"bitget"' is not assignable to type '"spot" | "futures"'.
hooks/chart/canvas/useChartSectionStores.ts(60,34): error TS2345: Argument of type '(state: ChartConfigSlice) => ChartType' is not assignable to parameter of type '(state: RootStore) => ChartType'.
  Types of parameters 'state' and 'state' are incompatible.
    Type 'RootStore' is not assignable to type 'ChartConfigSlice'.
      Type 'RootStore' is not assignable to type 'ChartConfigSliceState'.
        Types of property 'exchangeType' are incompatible.
          Type '"bitget" | "binance" | "bybit" | "demo"' is not assignable to type '"spot" | "futures"'.
            Type '"bitget"' is not assignable to type '"spot" | "futures"'.
hooks/chart/canvas/useChartStores.ts(35,37): error TS2345: Argument of type '(state: ChartConfigSlice) => "spot" | "futures"' is not assignable to parameter of type '(state: RootStore) => "spot" | "futures"'.
  Types of parameters 'state' and 'state' are incompatible.
    Type 'RootStore' is not assignable to type 'ChartConfigSlice'.
      Type 'RootStore' is not assignable to type 'ChartConfigSliceState'.
        Types of property 'exchangeType' are incompatible.
          Type '"bitget" | "binance" | "bybit" | "demo"' is not assignable to type '"spot" | "futures"'.
            Type '"bitget"' is not assignable to type '"spot" | "futures"'.
hooks/chart/canvas/useChartStores.ts(41,34): error TS2345: Argument of type '(state: ChartConfigSlice) => ChartType' is not assignable to parameter of type '(state: RootStore) => ChartType'.
  Types of parameters 'state' and 'state' are incompatible.
    Type 'RootStore' is not assignable to type 'ChartConfigSlice'.
      Type 'RootStore' is not assignable to type 'ChartConfigSliceState'.
        Types of property 'exchangeType' are incompatible.
          Type '"bitget" | "binance" | "bybit" | "demo"' is not assignable to type '"spot" | "futures"'.
            Type '"bitget"' is not assignable to type '"spot" | "futures"'.
hooks/chart/toolbar/useChartToolbar.ts(26,10): error TS2305: Module '"@/types/store"' has no exported member 'TabType'.
hooks/chart/toolbar/useChartToolbar.ts(51,34): error TS2345: Argument of type '(state: ChartConfigSlice) => ChartType' is not assignable to parameter of type '(state: RootStore) => ChartType'.
  Types of parameters 'state' and 'state' are incompatible.
    Type 'RootStore' is not assignable to type 'ChartConfigSlice'.
      Type 'RootStore' is not assignable to type 'ChartConfigSliceState'.
        Types of property 'exchangeType' are incompatible.
          Type '"bitget" | "binance" | "bybit" | "demo"' is not assignable to type '"spot" | "futures"'.
            Type '"bitget"' is not assignable to type '"spot" | "futures"'.
hooks/chart/toolbar/useChartToolbar.ts(52,37): error TS2345: Argument of type '(state: ChartConfigSlice) => "spot" | "futures"' is not assignable to parameter of type '(state: RootStore) => "spot" | "futures"'.
  Types of parameters 'state' and 'state' are incompatible.
    Type 'RootStore' is not assignable to type 'ChartConfigSlice'.
      Type 'RootStore' is not assignable to type 'ChartConfigSliceState'.
        Types of property 'exchangeType' are incompatible.
          Type '"bitget" | "binance" | "bybit" | "demo"' is not assignable to type '"spot" | "futures"'.
            Type '"bitget"' is not assignable to type '"spot" | "futures"'.
hooks/chart/toolbar/useToolbarStores.ts(47,3): error TS2724: '"@/store/chart/drawingTool/selectors"' has no exported member named 'selectActiveDrawingTools'. Did you mean 'selectActiveDrawingTool'?
hooks/chart/toolbar/useToolbarStores.ts(66,37): error TS2345: Argument of type '(state: ChartConfigSlice) => "spot" | "futures"' is not assignable to parameter of type '(state: RootStore) => "spot" | "futures"'.
  Types of parameters 'state' and 'state' are incompatible.
    Type 'RootStore' is not assignable to type 'ChartConfigSlice'.
      Type 'RootStore' is not assignable to type 'ChartConfigSliceState'.
        Types of property 'exchangeType' are incompatible.
          Type '"bitget" | "binance" | "bybit" | "demo"' is not assignable to type '"spot" | "futures"'.
            Type '"bitget"' is not assignable to type '"spot" | "futures"'.
hooks/chart/toolbar/useToolbarStores.ts(78,34): error TS2345: Argument of type '(state: ChartConfigSlice) => ChartType' is not assignable to parameter of type '(state: RootStore) => ChartType'.
  Types of parameters 'state' and 'state' are incompatible.
    Type 'RootStore' is not assignable to type 'ChartConfigSlice'.
      Type 'RootStore' is not assignable to type 'ChartConfigSliceState'.
        Types of property 'exchangeType' are incompatible.
          Type '"bitget" | "binance" | "bybit" | "demo"' is not assignable to type '"spot" | "futures"'.
            Type '"bitget"' is not assignable to type '"spot" | "futures"'.
hooks/chart/toolbar/useToolbarStores.ts(84,58): error TS2339: Property 'clearAllIndicators' does not exist on type 'RootStore'.
hooks/chart/toolbar/useToolbarStores.ts(87,47): error TS2339: Property 'type' does not exist on type 'IndicatorType'.
  Property 'type' does not exist on type '"rsi"'.
hooks/chart/useChartEvents.ts(56,74): error TS2367: This comparison appears to be unintentional because the types '"bitget" | "binance" | "bybit" | "demo"' and '"futures"' have no overlap.
hooks/chart/useChartEvents.ts(72,59): error TS2367: This comparison appears to be unintentional because the types '"bitget" | "binance" | "bybit" | "demo"' and '"futures"' have no overlap.
hooks/chart/useChartSectionStores.ts(50,37): error TS2345: Argument of type '(state: ChartConfigSlice) => "spot" | "futures"' is not assignable to parameter of type '(state: RootStore) => "spot" | "futures"'.
  Types of parameters 'state' and 'state' are incompatible.
    Type 'RootStore' is not assignable to type 'ChartConfigSlice'.
      Type 'RootStore' is not assignable to type 'ChartConfigSliceState'.
        Types of property 'exchangeType' are incompatible.
          Type '"bitget" | "binance" | "bybit" | "demo"' is not assignable to type '"spot" | "futures"'.
            Type '"bitget"' is not assignable to type '"spot" | "futures"'.
hooks/chart/useChartSectionStores.ts(61,34): error TS2345: Argument of type '(state: ChartConfigSlice) => ChartType' is not assignable to parameter of type '(state: RootStore) => ChartType'.
  Types of parameters 'state' and 'state' are incompatible.
    Type 'RootStore' is not assignable to type 'ChartConfigSlice'.
      Type 'RootStore' is not assignable to type 'ChartConfigSliceState'.
        Types of property 'exchangeType' are incompatible.
          Type '"bitget" | "binance" | "bybit" | "demo"' is not assignable to type '"spot" | "futures"'.
            Type '"bitget"' is not assignable to type '"spot" | "futures"'.
hooks/chart/useChartStores.ts(39,37): error TS2345: Argument of type '(state: ChartConfigSlice) => "spot" | "futures"' is not assignable to parameter of type '(state: RootStore) => "spot" | "futures"'.
  Types of parameters 'state' and 'state' are incompatible.
    Type 'RootStore' is not assignable to type 'ChartConfigSlice'.
      Type 'RootStore' is not assignable to type 'ChartConfigSliceState'.
        Types of property 'exchangeType' are incompatible.
          Type '"bitget" | "binance" | "bybit" | "demo"' is not assignable to type '"spot" | "futures"'.
            Type '"bitget"' is not assignable to type '"spot" | "futures"'.
hooks/chart/useChartStores.ts(45,34): error TS2345: Argument of type '(state: ChartConfigSlice) => ChartType' is not assignable to parameter of type '(state: RootStore) => ChartType'.
  Types of parameters 'state' and 'state' are incompatible.
    Type 'RootStore' is not assignable to type 'ChartConfigSlice'.
      Type 'RootStore' is not assignable to type 'ChartConfigSliceState'.
        Types of property 'exchangeType' are incompatible.
          Type '"bitget" | "binance" | "bybit" | "demo"' is not assignable to type '"spot" | "futures"'.
            Type '"bitget"' is not assignable to type '"spot" | "futures"'.
hooks/chart/useToolbarStores.ts(42,3): error TS2724: '"@/store/chart/drawingTool/selectors"' has no exported member named 'selectActiveDrawingTools'. Did you mean 'selectActiveDrawingTool'?
hooks/chart/useToolbarStores.ts(49,10): error TS2305: Module '"@/types/store"' has no exported member 'IndicatorType'.
hooks/chart/useToolbarStores.ts(49,25): error TS2305: Module '"@/types/store"' has no exported member 'DrawingToolType'.
hooks/chart/useToolbarStores.ts(61,37): error TS2345: Argument of type '(state: ChartConfigSlice) => "spot" | "futures"' is not assignable to parameter of type '(state: RootStore) => "spot" | "futures"'.
  Types of parameters 'state' and 'state' are incompatible.
    Type 'RootStore' is not assignable to type 'ChartConfigSlice'.
      Type 'RootStore' is not assignable to type 'ChartConfigSliceState'.
        Types of property 'exchangeType' are incompatible.
          Type '"bitget" | "binance" | "bybit" | "demo"' is not assignable to type '"spot" | "futures"'.
            Type '"bitget"' is not assignable to type '"spot" | "futures"'.
hooks/chart/useToolbarStores.ts(73,34): error TS2345: Argument of type '(state: ChartConfigSlice) => ChartType' is not assignable to parameter of type '(state: RootStore) => ChartType'.
  Types of parameters 'state' and 'state' are incompatible.
    Type 'RootStore' is not assignable to type 'ChartConfigSlice'.
      Type 'RootStore' is not assignable to type 'ChartConfigSliceState'.
        Types of property 'exchangeType' are incompatible.
          Type '"bitget" | "binance" | "bybit" | "demo"' is not assignable to type '"spot" | "futures"'.
            Type '"bitget"' is not assignable to type '"spot" | "futures"'.
hooks/chart/useToolbarStores.ts(79,58): error TS2339: Property 'clearAllIndicators' does not exist on type 'RootStore'.
hooks/chart/useToolbarStores.ts(82,47): error TS2339: Property 'type' does not exist on type 'IndicatorType'.
  Property 'type' does not exist on type '"rsi"'.
hooks/debug/__tests__/useLogs.test.ts(43,49): error TS2554: Expected 0 arguments, but got 1.
hooks/debug/__tests__/useLogs.test.ts(55,49): error TS2554: Expected 0 arguments, but got 1.
hooks/debug/__tests__/useLogs.test.ts(67,49): error TS2554: Expected 0 arguments, but got 1.
hooks/debug/__tests__/useLogs.test.ts(86,22): error TS2339: Property 'handleClearLogs' does not exist on type '{ logs: LogEntry[]; addLog: (entry: Omit<LogEntry, "timestamp">) => void; clearLogs: () => void; }'.
hooks/debug/__tests__/useLogs.test.ts(101,36): error TS2304: Cannot find name 'LogLevel'.
hooks/debug/__tests__/useLogs.test.ts(101,59): error TS2554: Expected 0 arguments, but got 1.
hooks/debug/__tests__/useLogs.test.ts(129,59): error TS2554: Expected 0 arguments, but got 1.
hooks/debug/__tests__/useLogs.test.ts(135,28): error TS2554: Expected 0 arguments, but got 1.
hooks/debug/__tests__/useLogs.test.ts(146,22): error TS2339: Property 'handleClearLogs' does not exist on type '{ logs: LogEntry[]; addLog: (entry: Omit<LogEntry, "timestamp">) => void; clearLogs: () => void; }'.
hooks/debug/__tests__/useLogs.test.ts(169,22): error TS2339: Property 'refreshLogs' does not exist on type '{ logs: LogEntry[]; addLog: (entry: Omit<LogEntry, "timestamp">) => void; clearLogs: () => void; }'.
hooks/debug/logs/index.ts(9,24): error TS2614: Module '"./useLogs"' has no exported member 'LogLevel'. Did you mean to use 'import LogLevel from "./useLogs"' instead?
hooks/symbol/selector/useSelectorStores.ts(39,3): error TS2322: Type '"spot"' is not assignable to type '"bitget" | "binance" | "bybit" | "demo"'.
lib/supabase/__tests__/supabase-entry.test.ts(6,65): error TS2307: Cannot find module 'vitest' or its corresponding type declarations.
lib/supabase/features/settings.ts(401,16): error TS2339: Property 'settings' does not exist on type 'SelectQueryError<"column 'settings' does not exist on 'profiles'.">'.
lib/supabase/features/settings.ts(420,6): error TS2769: No overload matches this call.
  Overload 1 of 2, '(values: { avatar_url?: string | null | undefined; bio?: string | null | undefined; created_at?: string | null | undefined; display_name?: string | null | undefined; id?: string | undefined; metadata?: Json | undefined; updated_at?: string | ... 1 more ... | undefined; user_id: string; }, options?: { ...; } | undefined): PostgrestFilterBuilder<...>', gave the following error.
    Object literal may only specify known properties, and 'settings' does not exist in type '{ avatar_url?: string | null | undefined; bio?: string | null | undefined; created_at?: string | null | undefined; display_name?: string | null | undefined; id?: string | undefined; metadata?: Json | undefined; updated_at?: string | ... 1 more ... | undefined; user_id: string; }'.
  Overload 2 of 2, '(values: { avatar_url?: string | null | undefined; bio?: string | null | undefined; created_at?: string | null | undefined; display_name?: string | null | undefined; id?: string | undefined; metadata?: Json | undefined; updated_at?: string | ... 1 more ... | undefined; user_id: string; }[], options?: { ...; } | undefined): PostgrestFilterBuilder<...>', gave the following error.
    Object literal may only specify known properties, and 'id' does not exist in type '{ avatar_url?: string | null | undefined; bio?: string | null | undefined; created_at?: string | null | undefined; display_name?: string | null | undefined; id?: string | undefined; metadata?: Json | undefined; updated_at?: string | ... 1 more ... | undefined; user_id: string; }[]'.
lib/supabase/index.ts(1,10): error TS2305: Module '"./client"' has no exported member 'supabase'.
lib/supabase/supabase.ts(1,10): error TS2305: Module '"./client"' has no exported member 'supabase'.
server/bitgetWebSocketManager.ts(148,5): error TS2322: Type '"spot"' is not assignable to type '"bitget" | "binance" | "bybit" | "demo"'.
server/bitgetWebSocketManager.ts(155,24): error TS2367: This comparison appears to be unintentional because the types '"bitget" | "binance" | "bybit" | "demo"' and '"spot"' have no overlap.
server/bitgetWebSocketManager.ts(158,22): error TS2367: This comparison appears to be unintentional because the types '"bitget" | "binance" | "bybit" | "demo"' and '"spot"' have no overlap.
server/bitgetWebSocketManager.ts(234,5): error TS2322: Type '"spot"' is not assignable to type '"bitget" | "binance" | "bybit" | "demo"'.
server/bitgetWebSocketManager.ts(241,24): error TS2367: This comparison appears to be unintentional because the types '"bitget" | "binance" | "bybit" | "demo"' and '"spot"' have no overlap.
server/bitgetWebSocketManager.ts(244,22): error TS2367: This comparison appears to be unintentional because the types '"bitget" | "binance" | "bybit" | "demo"' and '"spot"' have no overlap.
server/bitgetWebSocketManager.ts(513,11): error TS2322: Type '"spot" | "futures"' is not assignable to type '"bitget" | "binance" | "bybit" | "demo"'.
  Type '"spot"' is not assignable to type '"bitget" | "binance" | "bybit" | "demo"'.
server/socketDataBroadcaster.ts(251,56): error TS2322: Type '"spot"' is not assignable to type '"bitget" | "binance" | "bybit" | "demo"'.
server/socketDataBroadcaster.ts(309,71): error TS2322: Type '"spot"' is not assignable to type '"bitget" | "binance" | "bybit" | "demo"'.
server/socketDataBroadcaster.ts(369,52): error TS2322: Type '"spot"' is not assignable to type '"bitget" | "binance" | "bybit" | "demo"'.
server/socketDataBroadcaster.ts(487,5): error TS2322: Type '"spot"' is not assignable to type '"bitget" | "binance" | "bybit" | "demo"'.
server/socketDataBroadcaster.ts(517,5): error TS2322: Type '"spot"' is not assignable to type '"bitget" | "binance" | "bybit" | "demo"'.
server/socketDataBroadcaster.ts(536,5): error TS2322: Type '"spot"' is not assignable to type '"bitget" | "binance" | "bybit" | "demo"'.
services/api/bitget/client.new.ts(55,53): error TS2322: Type '"spot"' is not assignable to type '"bitget" | "binance" | "bybit" | "demo"'.
services/api/bitget/client.new.ts(158,5): error TS2322: Type '"spot"' is not assignable to type '"bitget" | "binance" | "bybit" | "demo"'.
services/api/bitget/client.new.ts(206,5): error TS2322: Type '"spot"' is not assignable to type '"bitget" | "binance" | "bybit" | "demo"'.
services/api/bitget/client.ts(55,53): error TS2322: Type '"spot"' is not assignable to type '"bitget" | "binance" | "bybit" | "demo"'.
services/api/bitget/client.ts(158,5): error TS2322: Type '"spot"' is not assignable to type '"bitget" | "binance" | "bybit" | "demo"'.
services/api/bitget/client.ts(207,5): error TS2322: Type '"spot"' is not assignable to type '"bitget" | "binance" | "bybit" | "demo"'.
services/api/bitget/rest-client.ts(55,15): error TS2367: This comparison appears to be unintentional because the types '"bitget" | "binance" | "bybit" | "demo"' and '"futures"' have no overlap.
services/api/bitget/rest-client.ts(103,5): error TS2322: Type '"spot"' is not assignable to type '"bitget" | "binance" | "bybit" | "demo"'.
services/api/bitget/rest-client.ts(121,11): error TS2367: This comparison appears to be unintentional because the types '"bitget" | "binance" | "bybit" | "demo"' and '"futures"' have no overlap.
services/api/bitget/rest-client.ts(201,5): error TS2322: Type '"spot"' is not assignable to type '"bitget" | "binance" | "bybit" | "demo"'.
services/api/bitget/rest-client.ts(214,11): error TS2367: This comparison appears to be unintentional because the types '"bitget" | "binance" | "bybit" | "demo"' and '"futures"' have no overlap.
services/api/bitget/ws-client.new.ts(72,5): error TS2322: Type '"bitget" | "binance" | "bybit" | "demo" | "spot"' is not assignable to type '"bitget" | "binance" | "bybit" | "demo"'.
  Type '"spot"' is not assignable to type '"bitget" | "binance" | "bybit" | "demo"'.
services/api/bitget/ws-client.new.ts(221,20): error TS2367: This comparison appears to be unintentional because the types '"bitget" | "binance" | "bybit" | "demo"' and '"spot"' have no overlap.
services/api/bitget/ws-client.new.ts(273,20): error TS2367: This comparison appears to be unintentional because the types '"bitget" | "binance" | "bybit" | "demo"' and '"spot"' have no overlap.
services/api/bitget/ws-client.ts(76,5): error TS2322: Type '"bitget" | "binance" | "bybit" | "demo" | "spot"' is not assignable to type '"bitget" | "binance" | "bybit" | "demo"'.
  Type '"spot"' is not assignable to type '"bitget" | "binance" | "bybit" | "demo"'.
services/api/bitget/ws-client.ts(237,20): error TS2367: This comparison appears to be unintentional because the types '"bitget" | "binance" | "bybit" | "demo"' and '"spot"' have no overlap.
services/api/bitget/ws-client.ts(289,20): error TS2367: This comparison appears to be unintentional because the types '"bitget" | "binance" | "bybit" | "demo"' and '"spot"' have no overlap.
services/api/chart-data-service.new.ts(77,5): error TS2322: Type '"spot"' is not assignable to type '"bitget" | "binance" | "bybit" | "demo"'.
services/api/chart-data-service.ts(77,5): error TS2322: Type '"spot"' is not assignable to type '"bitget" | "binance" | "bybit" | "demo"'.
services/ccxws/client.ts(27,3): error TS2353: Object literal may only specify known properties, and 'spot' does not exist in type 'Record<"bitget" | "binance" | "bybit" | "demo", string>'.
services/ccxws/client.ts(88,5): error TS2322: Type '"spot"' is not assignable to type '"bitget" | "binance" | "bybit" | "demo"'.
services/ccxws/client.ts(251,5): error TS2322: Type '"spot"' is not assignable to type '"bitget" | "binance" | "bybit" | "demo"'.
services/ccxws/client.ts(368,5): error TS2322: Type '"spot"' is not assignable to type '"bitget" | "binance" | "bybit" | "demo"'.
services/data/chart-data-service.ts(58,5): error TS2322: Type '"spot"' is not assignable to type '"bitget" | "binance" | "bybit" | "demo"'.
services/data/chart-data-service.ts(127,5): error TS2322: Type '"spot"' is not assignable to type '"bitget" | "binance" | "bybit" | "demo"'.
services/data/dataFetchService.ts(174,66): error TS2322: Type '"spot"' is not assignable to type '"bitget" | "binance" | "bybit" | "demo"'.
services/data/dataFetchService.ts(202,5): error TS2322: Type '"spot"' is not assignable to type '"bitget" | "binance" | "bybit" | "demo"'.
services/data/order-book-service.ts(140,5): error TS2322: Type '"spot"' is not assignable to type '"bitget" | "binance" | "bybit" | "demo"'.
services/socket/mock-service.ts(146,5): error TS2322: Type '"spot"' is not assignable to type '"bitget" | "binance" | "bybit" | "demo"'.
services/socket/mock-service.ts(181,5): error TS2322: Type '"spot"' is not assignable to type '"bitget" | "binance" | "bybit" | "demo"'.
services/socket/realtime.ts(4,10): error TS2724: '"./socket-service"' has no exported member named 'socketService'. Did you mean 'SocketService'?
services/socket/service.ts(36,23): error TS2322: Type '"spot"' is not assignable to type '"bitget" | "binance" | "bybit" | "demo"'.
services/socket/service.ts(142,5): error TS2322: Type '"spot"' is not assignable to type '"bitget" | "binance" | "bybit" | "demo"'.
services/socket/service.ts(187,5): error TS2322: Type '"spot"' is not assignable to type '"bitget" | "binance" | "bybit" | "demo"'.
services/socket/socket-service.ts(96,5): error TS2322: Type '"spot"' is not assignable to type '"bitget" | "binance" | "bybit" | "demo"'.
services/socket/socket-service.ts(113,5): error TS2322: Type '"spot"' is not assignable to type '"bitget" | "binance" | "bybit" | "demo"'.
services/socket/subscription-manager.ts(68,5): error TS2322: Type '"spot"' is not assignable to type '"bitget" | "binance" | "bybit" | "demo"'.
services/socket/subscription-manager.ts(179,5): error TS2322: Type '"spot"' is not assignable to type '"bitget" | "binance" | "bybit" | "demo"'.
services/socket/subscription-manager.ts(278,5): error TS2322: Type '"spot"' is not assignable to type '"bitget" | "binance" | "bybit" | "demo"'.
src/mastra/tools/instrument-type-tools.ts(41,3): error TS2322: Type '({ context }: ToolExecutionContext<ZodObject<{ type: ZodEnum<["spot", "futures"]>; symbol: ZodOptional<ZodString>; }, "strip", ZodTypeAny, { type: "spot" | "futures"; symbol?: string | undefined; }, { ...; }>>) => Promise<...>' is not assignable to type '(context: ToolExecutionContext<ZodObject<{ type: ZodEnum<["spot", "futures"]>; symbol: ZodOptional<ZodString>; }, "strip", ZodTypeAny, { type: "spot" | "futures"; symbol?: string | undefined; }, { ...; }>>, options?: ToolExecutionOptions | undefined) => Promise<...>'.
  Type 'Promise<{ error?: string | undefined; success: boolean; message: string; type: "spot" | "futures"; fromType: "bitget" | "binance" | "bybit" | "demo"; } | { success: boolean; message: string; type: "spot" | "futures"; fromType: string; error: string; }>' is not assignable to type 'Promise<{ type: "spot" | "futures"; message: string; success: boolean; error?: string | undefined; fromType?: "spot" | "futures" | undefined; }>'.
    Type '{ error?: string | undefined; success: boolean; message: string; type: "spot" | "futures"; fromType: "bitget" | "binance" | "bybit" | "demo"; } | { success: boolean; message: string; type: "spot" | "futures"; fromType: string; error: string; }' is not assignable to type '{ type: "spot" | "futures"; message: string; success: boolean; error?: string | undefined; fromType?: "spot" | "futures" | undefined; }'.
      Type '{ error?: string | undefined; success: boolean; message: string; type: "spot" | "futures"; fromType: "bitget" | "binance" | "bybit" | "demo"; }' is not assignable to type '{ type: "spot" | "futures"; message: string; success: boolean; error?: string | undefined; fromType?: "spot" | "futures" | undefined; }'.
        Types of property 'fromType' are incompatible.
          Type '"bitget" | "binance" | "bybit" | "demo"' is not assignable to type '"spot" | "futures" | undefined'.
            Type '"bitget"' is not assignable to type '"spot" | "futures" | undefined'.
src/mastra/tools/instrument-type-tools.ts(45,13): error TS2322: Type '"spot" | "futures"' is not assignable to type '"bitget" | "binance" | "bybit" | "demo"'.
  Type '"spot"' is not assignable to type '"bitget" | "binance" | "bybit" | "demo"'.
store/barrel.ts(31,1): error TS2308: Module "./chart/config/selectors" has already exported a member named 'selectExchangeType'. Consider explicitly re-exporting to resolve the ambiguity.
store/barrel.ts(58,3): error TS2724: '"./socket/selectors"' has no exported member named 'selectConnection'. Did you mean 'selectConnected'?
store/barrel.ts(59,3): error TS2305: Module '"./socket/selectors"' has no exported member 'selectConnectionStatus'.
store/barrel.ts(60,3): error TS2724: '"./socket/selectors"' has no exported member named 'selectLastConnected'. Did you mean 'selectConnected'?
store/barrel.ts(61,3): error TS2724: '"./socket/selectors"' has no exported member named 'selectConnectionError'. Did you mean 'selectConnected'?
store/barrel.ts(62,3): error TS2305: Module '"./socket/selectors"' has no exported member 'selectReconnectAttempts'.
store/barrel.ts(63,3): error TS2724: '"./socket/selectors"' has no exported member named 'selectSubscriptions'. Did you mean 'useSocketSubscriptions'?
store/barrel.ts(64,3): error TS2724: '"./socket/selectors"' has no exported member named 'selectSubscription'. Did you mean 'useSocketSubscription'?
store/barrel.ts(65,3): error TS2305: Module '"./socket/selectors"' has no exported member 'selectMessageQueue'.
store/barrel.ts(66,3): error TS2305: Module '"./socket/selectors"' has no exported member 'selectConfig'.
store/barrel.ts(67,3): error TS2724: '"./socket/selectors"' has no exported member named 'selectIsConnected'. Did you mean 'selectConnected'?
store/barrel.ts(68,3): error TS2724: '"./socket/selectors"' has no exported member named 'selectIsConnecting'. Did you mean 'selectConnected'?
store/barrel.ts(69,3): error TS2305: Module '"./socket/selectors"' has no exported member 'selectHasConnectionError'.
store/barrel.ts(74,3): error TS2305: Module '"./chart/data/selectors"' has no exported member 'selectData'.
store/barrel.ts(75,3): error TS2305: Module '"./chart/data/selectors"' has no exported member 'selectStatus'.
store/barrel.ts(77,3): error TS2305: Module '"./chart/data/selectors"' has no exported member 'selectSymbol'.
store/barrel.ts(78,3): error TS2305: Module '"./chart/data/selectors"' has no exported member 'selectTimeframe'.
store/barrel.ts(79,3): error TS2724: '"./chart/data/selectors"' has no exported member named 'selectLastCandle'. Did you mean 'selectLatestCandle'?
store/barrel.ts(80,3): error TS2305: Module '"./chart/data/selectors"' has no exported member 'selectFirstCandle'.
store/barrel.ts(81,3): error TS2305: Module '"./chart/data/selectors"' has no exported member 'selectDataRange'.
store/barrel.ts(82,3): error TS2305: Module '"./chart/data/selectors"' has no exported member 'selectLastUpdate'.
store/barrel.ts(84,3): error TS2724: '"./chart/data/selectors"' has no exported member named 'selectHasData'. Did you mean 'selectChartData'?
store/barrel.ts(85,3): error TS2305: Module '"./chart/data/selectors"' has no exported member 'selectOHLC'.
store/barrel.ts(86,3): error TS2305: Module '"./chart/data/selectors"' has no exported member 'selectVolumes'.
store/barrel.ts(87,3): error TS2305: Module '"./chart/data/selectors"' has no exported member 'selectTimes'.
store/barrel.ts(94,3): error TS2305: Module '"./chart/config/selectors"' has no exported member 'selectGridEnabled'.
store/barrel.ts(95,3): error TS2305: Module '"./chart/config/selectors"' has no exported member 'selectCrosshairEnabled'.
store/barrel.ts(96,3): error TS2305: Module '"./chart/config/selectors"' has no exported member 'selectLegendEnabled'.
store/barrel.ts(97,3): error TS2305: Module '"./chart/config/selectors"' has no exported member 'selectAutoScale'.
store/barrel.ts(98,3): error TS2305: Module '"./chart/config/selectors"' has no exported member 'selectBarSpacing'.
store/barrel.ts(99,3): error TS2305: Module '"./chart/config/selectors"' has no exported member 'selectCandleStyle'.
store/barrel.ts(100,3): error TS2305: Module '"./chart/config/selectors"' has no exported member 'selectTimeZone'.
store/chart/config/state.ts(15,14): error TS2693: 'ChartType' only refers to a type, but is being used as a value here.
store/chart/config/state.ts(21,3): error TS2353: Object literal may only specify known properties, and 'chartScale' does not exist in type 'ChartConfigSliceState'.
store/chart/data/actions.ts(24,38): error TS2322: Type '"spot"' is not assignable to type '"bitget" | "binance" | "bybit" | "demo"'.
store/chart/data/actions.ts(34,3): error TS2322: Type '"spot"' is not assignable to type '"bitget" | "binance" | "bybit" | "demo"'.
store/chart/data/actions.ts(165,11): error TS2367: This comparison appears to be unintentional because the types '"bitget" | "binance" | "bybit" | "demo"' and '"futures"' have no overlap.
store/chart/data/index.ts(48,40): error TS2345: Argument of type '{ (partial: ChartDataSlice | Partial<ChartDataSlice> | ((state: ChartDataSlice) => ChartDataSlice | Partial<...>), replace?: false | undefined, action?: Action | undefined): void; (state: ChartDataSlice | ((state: ChartDataSlice) => ChartDataSlice), replace: true, action?: Action | undefined): void; }' is not assignable to parameter of type '(partial: Partial<ChartDataSliceState> | ((state: ChartDataSliceState) => void | ChartDataSliceState | Partial<...>)) => void'.
  Types of parameters 'partial' and 'partial' are incompatible.
    Type 'Partial<ChartDataSliceState> | ((state: ChartDataSliceState) => void | ChartDataSliceState | Partial<...>)' is not assignable to type 'ChartDataSlice | Partial<ChartDataSlice> | ((state: ChartDataSlice) => ChartDataSlice | Partial<ChartDataSlice>)'.
      Type '(state: ChartDataSliceState) => void | ChartDataSliceState | Partial<ChartDataSliceState>' is not assignable to type 'ChartDataSlice | Partial<ChartDataSlice> | ((state: ChartDataSlice) => ChartDataSlice | Partial<ChartDataSlice>)'.
        Type '(state: ChartDataSliceState) => void | ChartDataSliceState | Partial<ChartDataSliceState>' is not assignable to type '(state: ChartDataSlice) => ChartDataSlice | Partial<ChartDataSlice>'.
          Type 'void | ChartDataSliceState | Partial<ChartDataSliceState>' is not assignable to type 'ChartDataSlice | Partial<ChartDataSlice>'.
            Type 'void' is not assignable to type 'ChartDataSlice | Partial<ChartDataSlice>'.
store/chart/realTime/selectors.ts(15,69): error TS2339: Property 'bitgetApi' does not exist on type 'RealTimeSliceState'.
store/chart/realTime/selectors.ts(29,79): error TS2339: Property 'lastSubscriptionKey' does not exist on type 'RealTimeSliceState'.
store/entry/index.ts(135,34): error TS2345: Argument of type '() => unknown' is not assignable to parameter of type '() => EntrySliceState'.
  Type 'unknown' is not assignable to type 'EntrySliceState'.
store/index.ts(72,29): error TS2614: Module '"./core/immerSet"' has no exported member 'createImmerSetterWithReturn'. Did you mean to use 'import createImmerSetterWithReturn from "./core/immerSet"' instead?
store/market/state.ts(71,3): error TS2322: Type '"spot"' is not assignable to type '"bitget" | "binance" | "bybit" | "demo"'.
store/rootStore.ts(58,18): error TS2320: Interface 'RootState' cannot simultaneously extend types 'MarketSliceState' and 'ChartConfigSliceState'.
  Named property 'exchangeType' of types 'MarketSliceState' and 'ChartConfigSliceState' are not identical.
store/rootStore.ts(58,18): error TS2320: Interface 'RootState' cannot simultaneously extend types 'MarketSliceState' and 'SymbolSliceState'.
  Named property 'exchangeType' of types 'MarketSliceState' and 'SymbolSliceState' are not identical.
store/rootStore.ts(216,25): error TS7006: Parameter 'state' implicitly has an 'any' type.
store/rootStore.ts(229,51): error TS2345: Argument of type 'Partial<DataFetchSliceState> | ((state: DataFetchSliceState) => void | DataFetchSliceState | Partial<...>)' is not assignable to parameter of type '(draft: WritableDraft<DataFetchSliceState>) => void'.
  Type 'Partial<DataFetchSliceState>' is not assignable to type '(draft: WritableDraft<DataFetchSliceState>) => void'.
    Type 'Partial<DataFetchSliceState>' provides no match for the signature '(draft: WritableDraft<DataFetchSliceState>): void'.
store/rootStore.ts(235,48): error TS2345: Argument of type 'SocketSliceState | Partial<SocketSliceState> | ((state: SocketSliceState) => SocketSliceState | Partial<...>) | ((state: SocketSliceState) => SocketSliceState)' is not assignable to parameter of type '(draft: WritableDraft<SocketSliceState>) => void'.
  Type 'SocketSliceState' is not assignable to type '(draft: WritableDraft<SocketSliceState>) => void'.
    Type 'SocketSliceState' provides no match for the signature '(draft: WritableDraft<SocketSliceState>): void'.
store/rootStore.ts(241,14): error TS7006: Parameter 'fn' implicitly has an 'any' type.
store/rootStore.ts(246,51): error TS2345: Argument of type 'Partial<ChartDataSliceState> | ((state: ChartDataSliceState) => void | ChartDataSliceState | Partial<...>)' is not assignable to parameter of type '(draft: WritableDraft<ChartDataSliceState>) => void'.
  Type 'Partial<ChartDataSliceState>' is not assignable to type '(draft: WritableDraft<ChartDataSliceState>) => void'.
    Type 'Partial<ChartDataSliceState>' provides no match for the signature '(draft: WritableDraft<ChartDataSliceState>): void'.
store/rootStore.ts(251,50): error TS2345: Argument of type 'Partial<RealTimeSliceState> | ((state: RealTimeSliceState) => void | RealTimeSliceState | Partial<RealTimeSliceState>)' is not assignable to parameter of type '(draft: WritableDraft<RealTimeSliceState>) => void'.
  Type 'Partial<RealTimeSliceState>' is not assignable to type '(draft: WritableDraft<RealTimeSliceState>) => void'.
    Type 'Partial<RealTimeSliceState>' provides no match for the signature '(draft: WritableDraft<RealTimeSliceState>): void'.
store/rootStore.ts(256,51): error TS2345: Argument of type 'Partial<IndicatorSliceState> | ((state: IndicatorSliceState) => void | IndicatorSliceState | Partial<...>)' is not assignable to parameter of type '(draft: WritableDraft<IndicatorSliceState>) => void'.
  Type 'Partial<IndicatorSliceState>' is not assignable to type '(draft: WritableDraft<IndicatorSliceState>) => void'.
    Type 'Partial<IndicatorSliceState>' provides no match for the signature '(draft: WritableDraft<IndicatorSliceState>): void'.
store/rootStore.ts(261,53): error TS2345: Argument of type 'Partial<DrawingToolSliceState> | ((state: DrawingToolSliceState) => void | DrawingToolSliceState | Partial<...>)' is not assignable to parameter of type '(draft: WritableDraft<DrawingToolSliceState>) => void'.
  Type 'Partial<DrawingToolSliceState>' is not assignable to type '(draft: WritableDraft<DrawingToolSliceState>) => void'.
    Type 'Partial<DrawingToolSliceState>' provides no match for the signature '(draft: WritableDraft<DrawingToolSliceState>): void'.
store/rootStore.ts(266,53): error TS2345: Argument of type 'Partial<ChartConfigSliceState> | ((state: ChartConfigSliceState) => void | ChartConfigSliceState | Partial<...>)' is not assignable to parameter of type '(draft: WritableDraft<ChartConfigSliceState>) => void'.
  Type 'Partial<ChartConfigSliceState>' is not assignable to type '(draft: WritableDraft<ChartConfigSliceState>) => void'.
    Type 'Partial<ChartConfigSliceState>' provides no match for the signature '(draft: WritableDraft<ChartConfigSliceState>): void'.
store/rootStore.ts(281,21): error TS2589: Type instantiation is excessively deep and possibly infinite.
store/settings/selectors.ts(43,47): error TS18047: 'a.display_order' is possibly 'null'.
store/settings/selectors.ts(43,65): error TS18047: 'b.display_order' is possibly 'null'.
store/socketActions/index.ts(8,36): error TS2345: Argument of type 'string' is not assignable to parameter of type '"orderbook" | "chart"'.
store/socketActions/index.ts(13,36): error TS2345: Argument of type 'string' is not assignable to parameter of type '"orderbook" | "chart"'.
store/symbol/actions.ts(7,10): error TS2305: Module '"@/utils/format"' has no exported member 'createIdGenerator'.
store/symbol/actions.ts(7,29): error TS2305: Module '"@/utils/format"' has no exported member 'dateTime'.
store/symbol/actions.ts(46,35): error TS2339: Property 'push' does not exist on type 'WritableDraft<SymbolChangeHistory>'.
store/symbol/actions.ts(67,3): error TS2322: Type '(type: ExchangeType) => void' is not assignable to type '(type: "bitget" | "binance" | "bybit" | "demo") => void'.
  Types of parameters 'type' and 'type' are incompatible.
    Type '"bitget" | "binance" | "bybit" | "demo"' is not assignable to type '"spot" | "futures"'.
      Type '"bitget"' is not assignable to type '"spot" | "futures"'.
store/symbol/actions.ts(70,11): error TS2367: This comparison appears to be unintentional because the types '"bitget" | "binance" | "bybit" | "demo"' and '"spot" | "futures"' have no overlap.
store/symbol/actions.ts(72,35): error TS2339: Property 'push' does not exist on type 'WritableDraft<SymbolChangeHistory>'.
store/symbol/actions.ts(86,7): error TS2322: Type '"spot" | "futures"' is not assignable to type '"bitget" | "binance" | "bybit" | "demo"'.
  Type '"spot"' is not assignable to type '"bitget" | "binance" | "bybit" | "demo"'.
store/symbol/actions.ts(93,3): error TS2322: Type '(exchangeType: ExchangeType) => Promise<void>' is not assignable to type '(exchangeType: "bitget" | "binance" | "bybit" | "demo") => Promise<void>'.
  Types of parameters 'exchangeType' and 'exchangeType' are incompatible.
    Type '"bitget" | "binance" | "bybit" | "demo"' is not assignable to type '"spot" | "futures"'.
      Type '"bitget"' is not assignable to type '"spot" | "futures"'.
store/symbol/actions.ts(142,35): error TS2339: Property 'push' does not exist on type 'WritableDraft<SymbolChangeHistory>'.
store/symbol/actions.ts(156,23): error TS2339: Property 'toggleFavorite' does not exist on type 'SymbolService'.
store/symbol/index.ts(13,82): error TS2307: Cannot find module './types' or its corresponding type declarations.
store/symbol/index.ts(21,3): error TS7006: Parameter 'set' implicitly has an 'any' type.
store/symbol/index.ts(22,3): error TS7006: Parameter 'get' implicitly has an 'any' type.
store/symbol/index.ts(59,72): error TS2307: Cannot find module './types' or its corresponding type declarations.
store/symbol/selectors.ts(33,77): error TS2322: Type '"spot" | "futures"' is not assignable to type '"bitget" | "binance" | "bybit" | "demo"'.
  Type '"spot"' is not assignable to type '"bitget" | "binance" | "bybit" | "demo"'.
store/symbol/state.ts(49,3): error TS2322: Type '"spot" | "futures"' is not assignable to type '"bitget" | "binance" | "bybit" | "demo" | undefined'.
  Type '"spot"' is not assignable to type '"bitget" | "binance" | "bybit" | "demo" | undefined'.
store/symbol/state.ts(59,3): error TS2739: Type 'never[]' is missing the following properties from type 'SymbolChangeHistory': from, to, timestamp
store/ui/selectors.ts(12,15): error TS2305: Module '"@/types/store"' has no exported member 'TabType'.
test-data-flow.ts(44,7): error TS2345: Argument of type '"spot"' is not assignable to parameter of type '"bitget" | "binance" | "bybit" | "demo" | undefined'.
test-data-flow.ts(62,7): error TS2345: Argument of type '"spot"' is not assignable to parameter of type '"bitget" | "binance" | "bybit" | "demo" | undefined'.
types/common/symbol.ts(13,27): error TS2724: '"@/services/symbol/types"' has no exported member named 'SymbolChangeHistory'. Did you mean 'SymbolChangeHistoryEntry'?
types/common/symbol.ts(13,48): error TS2305: Module '"@/services/symbol/types"' has no exported member 'FilterOptions'.
types/symbol.ts(14,3): error TS2724: '"./common/symbol"' has no exported member named 'SymbolFilterOptions'. Did you mean 'FilterOptions'?
types/symbol/base.ts(10,27): error TS2724: '"../common/symbol"' has no exported member named 'SymbolFilterOptions'. Did you mean 'FilterOptions'?
types/symbol/base.ts(109,5): error TS2322: Type '"spot" | "futures"' is not assignable to type '"bitget" | "binance" | "bybit" | "demo"'.
  Type '"spot"' is not assignable to type '"bitget" | "binance" | "bybit" | "demo"'.
types/symbol/base.ts(110,5): error TS2322: Type 'boolean | undefined' is not assignable to type 'boolean'.
  Type 'undefined' is not assignable to type 'boolean'.
utils/channelKey.ts(45,3): error TS2322: Type '"spot"' is not assignable to type '"bitget" | "binance" | "bybit" | "demo"'.
utils/market/formatters.ts(1,23): error TS2305: Module '"./price"' has no exported member 'formatPercentage'.
